// Jest Snapshot v1, https://goo.gl/fbAQLP

exports[`snapshot test of app component 1`] = `
<div
  className="App"
>
  <div
    className="flex"
  >
    <div
      className="login-card"
    >
      <div
        className="welcome"
      >
        <h1>
          Welcome to SportsWatch
        </h1>
      </div>
      <h2>
        Log in to access your account
      </h2>
      <input
        placeholder="Username"
      />
      <input
        placeholder="Password"
      />
      <div>
        <button
          onClick={[Function]}
        >
          Log in
        </button>
      </div>
      <div>
        <h2>
          Sign up
        </h2>
        <input
          placeholder="Username"
        />
        <input
          placeholder="Password"
        />
        <div>
          <button
            onClick={[Function]}
          >
            Sign up
          </button>
        </div>
      </div>
    </div>
    <div
      className="lrg-heading"
    >
      <h1>
        Get the 
      </h1>
      <h1>
        latest
      </h1>
      <h1>
        sporting
      </h1>
      <h1>
        fixtures
      </h1>
    </div>
  </div>
</div>
`;
